[Node 1] Starting...
[Node 1] Tracking 4 peers.
[Peer 4] Connected to 127.0.0.1:7004
[Peer 5] Connected to 127.0.0.1:7005
============== Raft node 1 initiated ===================
Applying command: NOOP
Applying command: PUT key500=value500
Applying command: NOOP
Applying command: NOOP
Applying command: NOOP
Applying command: NOOP
Applying command: NOOP
Applying command: NOOP
Applying command: NOOP
Applying command: NOOP
Applying command: PUT key500=value500
Applying command: NOOP
Applying command: NOOP
Applying command: NOOP
Applying command: NOOP
Applying command: NOOP
Applying command: NOOP
Applying command: NOOP
Applying command: NOOP
Applying command: NOOP
Applying command: NOOP
Applying command: PUT key500=value500
Applying command: NOOP
Applying command: NOOP
Applying command: NOOP
Applying command: NOOP
Applying command: NOOP
Applying command: NOOP
Applying command: PUT key1500=value1500
Applying command: NOOP
Applying command: NOOP
Applying command: NOOP
Applying command: NOOP
Applying command: NOOP
Applying command: PUT key2250=value2250
Applying command: NOOP
Applying command: NOOP
Applying command: NOOP
Applying command: NOOP
Applying command: NOOP
Applying command: NOOP
Applying command: PUT key500=value500
Applying command: NOOP
Applying command: NOOP
Applying command: NOOP
Applying command: NOOP
Applying command: NOOP
Applying command: NOOP
Applying command: PUT key1500=value1500
Applying command: NOOP
Applying command: NOOP
Applying command: NOOP
Applying command: NOOP
Applying command: NOOP
Applying command: PUT key2250=value2250
Applying command: NOOP
Applying command: NOOP
Applying command: NOOP
Applying command: NOOP
Applying command: NOOP
Applying command: NOOP
Applying command: PUT key500=value500
Applying command: NOOP
Applying command: NOOP
Applying command: NOOP
Applying command: NOOP
Applying command: NOOP
Applying command: NOOP
Applying command: PUT key1500=value1500
Applying command: NOOP
Applying command: NOOP
Applying command: NOOP
Applying command: NOOP
Applying command: NOOP
Applying command: PUT key2250=value2250
Applying command: NOOP
Applying command: NOOP
Applying command: NOOP
Applying command: NOOP
Applying command: NOOP
Applying command: PUT fail1=fail1
Applying command: NOOP
Applying command: PUT key500=value500
Applying command: NOOP
Applying command: NOOP
Applying command: NOOP
Applying command: NOOP
Applying command: NOOP
Applying command: NOOP
Applying command: PUT key1500=value1500
Applying command: NOOP
Applying command: NOOP
Applying command: NOOP
Applying command: NOOP
Applying command: NOOP
Applying command: PUT key2250=value2250
Applying command: NOOP
Applying command: NOOP
Applying command: NOOP
Applying command: NOOP
Applying command: NOOP
Applying command: NOOP
Applying command: PUT key500=value500
Applying command: NOOP
Applying command: NOOP
Applying command: NOOP
Applying command: NOOP
Applying command: NOOP
Applying command: NOOP
Applying command: PUT key1500=value1500
Applying command: NOOP
Applying command: NOOP
Applying command: NOOP
Applying command: NOOP
Applying command: NOOP
Applying command: PUT key2250=value2250
Applying command: NOOP
Applying command: NOOP
Applying command: NOOP
Applying command: NOOP
Applying command: NOOP
Applying command: NOOP
Applying command: PUT key500=value500
Applying command: NOOP
Applying command: NOOP
Applying command: NOOP
Applying command: NOOP
Applying command: NOOP
Applying command: NOOP
Applying command: PUT key1500=value1500
Applying command: NOOP
Applying command: NOOP
Applying command: NOOP
Applying command: NOOP
Applying command: NOOP
Applying command: PUT key2250=value2250
Applying command: NOOP
Applying command: NOOP
Applying command: NOOP
Applying command: NOOP
Applying command: NOOP
Applying command: NOOP
Applying command: NOOP
Applying command: PUT key500=value500
Applying command: NOOP
Applying command: NOOP
Applying command: NOOP
Applying command: NOOP
Applying command: NOOP
Applying command: NOOP
Applying command: PUT key1500=value1500
Applying command: NOOP
Applying command: NOOP
Applying command: NOOP
Applying command: NOOP
Applying command: NOOP
Applying command: PUT key2250=value2250
Applying command: NOOP
Applying command: NOOP
Applying command: NOOP
Applying command: NOOP
Applying command: NOOP
Applying command: NOOP
Applying command: NOOP
Applying command: PUT key500=value500
Applying command: NOOP
Applying command: NOOP
Applying command: NOOP
Applying command: NOOP
Applying command: NOOP
Applying command: NOOP
Applying command: PUT key500=value500
Applying command: NOOP
Applying command: NOOP
Applying command: NOOP
Applying command: NOOP
Applying command: NOOP
Applying command: NOOP
Applying command: PUT key1500=value1500
Applying command: NOOP
Applying command: NOOP
Applying command: NOOP
Applying command: NOOP
Applying command: NOOP
Applying command: PUT key2250=value2250
Applying command: NOOP
Applying command: NOOP
Applying command: NOOP
Applying command: NOOP
Applying command: NOOP
Applying command: NOOP
Applying command: PUT key500=value500
Applying command: NOOP
Applying command: NOOP
Applying command: NOOP
Applying command: NOOP
Applying command: NOOP
Applying command: NOOP
Applying command: PUT key1500=value1500
Applying command: NOOP
Applying command: NOOP
Applying command: NOOP
Applying command: NOOP
Applying command: NOOP
Applying command: PUT key2250=value2250
Applying command: NOOP
Applying command: NOOP
Applying command: NOOP
Applying command: NOOP
Applying command: NOOP
Applying command: NOOP
Applying command: PUT key500=value500
Applying command: NOOP
Applying command: NOOP
Applying command: NOOP
Applying command: NOOP
Applying command: NOOP
Applying command: NOOP
Applying command: PUT key1500=value1500
Applying command: NOOP
Applying command: NOOP
Applying command: NOOP
Applying command: NOOP
Applying command: NOOP
Applying command: PUT key2250=value2250
Applying command: NOOP
Applying command: NOOP
Applying command: NOOP
Applying command: NOOP
Applying command: NOOP
Client server ready on port 6001
Raft server ready on port 7001
