[Peer 1[Node 5] Starting...] Connected to 127.0.0.1:7001
[Peer 2] Connected to 127.0.0.1[Node 5] Tracking 4 peers.
:[Peer 4] Connected to 127.0.0.17002
:7004
[Peer 3] Connected to 127.0.0.1:7003

============== Raft node 5 initiated ===================
Applying command: NOOP
Applying command: PUT key500=value500
Applying command: NOOP
Applying command: NOOP
Applying command: NOOP
Applying command: NOOP
Applying command: NOOP
Applying command: NOOP
Applying command: NOOP
Applying command: NOOP
Applying command: PUT key500=value500
Applying command: NOOP
Applying command: NOOP
Applying command: NOOP
Applying command: NOOP
Applying command: NOOP
Applying command: NOOP
Applying command: NOOP
Applying command: NOOP
Applying command: NOOP
Applying command: NOOP
Applying command: PUT key500=value500
Applying command: NOOP
Applying command: NOOP
Applying command: NOOP
Applying command: NOOP
Applying command: NOOP
Applying command: NOOP
Applying command: PUT key1500=value1500
Applying command: NOOP
Applying command: NOOP
Applying command: NOOP
Applying command: NOOP
Applying command: NOOP
Applying command: PUT key2250=value2250
Applying command: NOOP
Applying command: NOOP
Applying command: NOOP
Applying command: NOOP
Applying command: NOOP
Applying command: NOOP
Applying command: PUT key500=value500
Applying command: NOOP
Applying command: NOOP
Applying command: NOOP
Applying command: NOOP
Applying command: NOOP
Applying command: NOOP
Applying command: PUT key1500=value1500
Applying command: NOOP
Applying command: NOOP
Applying command: NOOP
Applying command: NOOP
Applying command: NOOP
Applying command: PUT key2250=value2250
Applying command: NOOP
Applying command: NOOP
Applying command: NOOP
Applying command: NOOP
Applying command: NOOP
Applying command: NOOP
Applying command: PUT key500=value500
Applying command: NOOP
Applying command: NOOP
Applying command: NOOP
Applying command: NOOP
Applying command: NOOP
Applying command: NOOP
Applying command: PUT key1500=value1500
Applying command: NOOP
Applying command: NOOP
Applying command: NOOP
Applying command: NOOP
Applying command: NOOP
Applying command: PUT key2250=value2250
Applying command: NOOP
Applying command: NOOP
Applying command: NOOP
Applying command: NOOP
Applying command: NOOP
Applying command: PUT fail1=fail1
Applying command: NOOP
Applying command: PUT key500=value500
Applying command: NOOP
Applying command: NOOP
Applying command: NOOP
Applying command: NOOP
Applying command: NOOP
Applying command: NOOP
Applying command: PUT key1500=value1500
Applying command: NOOP
Applying command: NOOP
Applying command: NOOP
Applying command: NOOP
Applying command: NOOP
Applying command: PUT key2250=value2250
Applying command: NOOP
Applying command: NOOP
Applying command: NOOP
Applying command: NOOP
Applying command: NOOP
Applying command: NOOP
Applying command: PUT key500=value500
Applying command: NOOP
Applying command: NOOP
Applying command: NOOP
Applying command: NOOP
Applying command: NOOP
Applying command: NOOP
Applying command: PUT key1500=value1500
Applying command: NOOP
Applying command: NOOP
Applying command: NOOP
Applying command: NOOP
Applying command: NOOP
Applying command: PUT key2250=value2250
Applying command: NOOP
Applying command: NOOP
Applying command: NOOP
Applying command: NOOP
Applying command: NOOP
Applying command: NOOP
Applying command: PUT key500=value500
Applying command: NOOP
Applying command: NOOP
Applying command: NOOP
Applying command: NOOP
Applying command: NOOP
Applying command: NOOP
Applying command: PUT key1500=value1500
Applying command: NOOP
Applying command: NOOP
Applying command: NOOP
Applying command: NOOP
Applying command: NOOP
Applying command: PUT key2250=value2250
Applying command: NOOP
Applying command: NOOP
Applying command: NOOP
Applying command: NOOP
Applying command: NOOP
Applying command: NOOP
Applying command: NOOP
Applying command: PUT key500=value500
Applying command: NOOP
Applying command: NOOP
Applying command: NOOP
Applying command: NOOP
Applying command: NOOP
Applying command: NOOP
Applying command: PUT key1500=value1500
Applying command: NOOP
Applying command: NOOP
Applying command: NOOP
Applying command: NOOP
Applying command: NOOP
Applying command: PUT key2250=value2250
Applying command: NOOP
Applying command: NOOP
Applying command: NOOP
Applying command: NOOP
Applying command: NOOP
Applying command: NOOP
Applying command: NOOP
Applying command: PUT key500=value500
Applying command: NOOP
Applying command: NOOP
Applying command: NOOP
Applying command: NOOP
Applying command: NOOP
Applying command: NOOP
Applying command: PUT key500=value500
Applying command: NOOP
Applying command: NOOP
Applying command: NOOP
Applying command: NOOP
Applying command: NOOP
Applying command: NOOP
Applying command: PUT key1500=value1500
Applying command: NOOP
Applying command: NOOP
Applying command: NOOP
Applying command: NOOP
Applying command: NOOP
Applying command: PUT key2250=value2250
Applying command: NOOP
Applying command: NOOP
Applying command: NOOP
Applying command: NOOP
Applying command: NOOP
Applying command: NOOP
Applying command: PUT key500=value500
Applying command: NOOP
Applying command: NOOP
Applying command: NOOP
Applying command: NOOP
Applying command: NOOP
Applying command: NOOP
Applying command: PUT key1500=value1500
Applying command: NOOP
Applying command: NOOP
Applying command: NOOP
Applying command: NOOP
Applying command: NOOP
Applying command: PUT key2250=value2250
Applying command: NOOP
Applying command: NOOP
Applying command: NOOP
Applying command: NOOP
Applying command: NOOP
Applying command: NOOP
Applying command: PUT key500=value500
Applying command: NOOP
Applying command: NOOP
Applying command: NOOP
Applying command: NOOP
Applying command: NOOP
Client server ready on port 6005
Raft server ready on port 7005
Applying command: NOOP
Applying command: PUT key1500=value1500
Applying command: NOOP
Applying command: NOOP
Applying command: NOOP
Applying command: NOOP
Applying command: NOOP
Applying command: PUT key2250=value2250
Applying command: NOOP
Applying command: NOOP
Applying command: NOOP
Applying command: NOOP
Applying command: NOOP

[Node 5] Election timeout! Starting election for term 1198
[Node 5] Election finished with 2 votes (need 3).

[Node 5] Election timeout! Starting election for term 1199
[Peer 1] Connected to 127.0.0.1:7001
