[Node 4] Starting...
[Node 4] Tracking 4 peers.
[Peer 3] Connected to 127.0.0.1:7003[Peer 2] Connected to [Peer 1] Connected to 127.0.0.1:127.0.0.1:7002
7001

============== Raft node 4 initiated ===================
Applying command: NOOP
Applying command: PUT key500=value500
Applying command: NOOP
Applying command: NOOP
Applying command: NOOP
Applying command: NOOP
Applying command: NOOP
Applying command: NOOP
Applying command: NOOP
Applying command: NOOP
Applying command: PUT key500=value500
Applying command: NOOP
Applying command: NOOP
Applying command: NOOP
Applying command: NOOP
Applying command: NOOP
Applying command: NOOP
Applying command: NOOP
Applying command: NOOP
Applying command: NOOP
Applying command: NOOP
Applying command: PUT key500=value500
Applying command: NOOP
Applying command: NOOP
Applying command: NOOP
Applying command: NOOP
Applying command: NOOP
Applying command: NOOP
Applying command: PUT key1500=value1500
Applying command: NOOP
Applying command: NOOP
Applying command: NOOP
Applying command: NOOP
Applying command: NOOP
Applying command: PUT key2250=value2250
Applying command: NOOP
Applying command: NOOP
Applying command: NOOP
Applying command: NOOP
Applying command: NOOP
Applying command: NOOP
Applying command: PUT key500=value500
Applying command: NOOP
Applying command: NOOP
Applying command: NOOP
Applying command: NOOP
Applying command: NOOP
Applying command: NOOP
Applying command: PUT key1500=value1500
Applying command: NOOP
Applying command: NOOP
Applying command: NOOP
Applying command: NOOP
Applying command: NOOP
Applying command: PUT key2250=value2250
Applying command: NOOP
Applying command: NOOP
Applying command: NOOP
Applying command: NOOP
Applying command: NOOP
Applying command: NOOP
Applying command: PUT key500=value500
Applying command: NOOP
Applying command: NOOP
Applying command: NOOP
Applying command: NOOP
Applying command: NOOP
Applying command: NOOP
Applying command: PUT key1500=value1500
Applying command: NOOP
Applying command: NOOP
Applying command: NOOP
Applying command: NOOP
Applying command: NOOP
Applying command: PUT key2250=value2250
Applying command: NOOP
Applying command: NOOP
Applying command: NOOP
Applying command: NOOP
Applying command: NOOP
Applying command: PUT fail1=fail1
Applying command: NOOP
Applying command: PUT key500=value500
Applying command: NOOP
Applying command: NOOP
Applying command: NOOP
Applying command: NOOP
Applying command: NOOP
Applying command: NOOP
Applying command: PUT key1500=value1500
Applying command: NOOP
Applying command: NOOP
Applying command: NOOP
Applying command: NOOP
Applying command: NOOP
Applying command: PUT key2250=value2250
Applying command: NOOP
Applying command: NOOP
Applying command: NOOP
Applying command: NOOP
Applying command: NOOP
Applying command: NOOP
Applying command: PUT key500=value500
Applying command: NOOP
Applying command: NOOP
Applying command: NOOP
Applying command: NOOP
Applying command: NOOP
Applying command: NOOP
Applying command: PUT key1500=value1500
Applying command: NOOP
Applying command: NOOP
Applying command: NOOP
Applying command: NOOP
Applying command: NOOP
Applying command: PUT key2250=value2250
Applying command: NOOP
Applying command: NOOP
Applying command: NOOP
Applying command: NOOP
Applying command: NOOP
Applying command: NOOP
Applying command: PUT key500=value500
Applying command: NOOP
Applying command: NOOP
Applying command: NOOP
Applying command: NOOP
Applying command: NOOP
Applying command: NOOP
Applying command: PUT key1500=value1500
Applying command: NOOP
Applying command: NOOP
Applying command: NOOP
Applying command: NOOP
Applying command: NOOP
Applying command: PUT key2250=value2250
Applying command: NOOP
Applying command: NOOP
Applying command: NOOP
Applying command: NOOP
Applying command: NOOP
Applying command: NOOP
Applying command: NOOP
Applying command: PUT key500=value500
Applying command: NOOP
Applying command: NOOP
Applying command: NOOP
Applying command: NOOP
Applying command: NOOP
Applying command: NOOP
Applying command: PUT key1500=value1500
Applying command: NOOP
Applying command: NOOP
Applying command: NOOP
Applying command: NOOP
Applying command: NOOP
Applying command: PUT key2250=value2250
Applying command: NOOP
Applying command: NOOP
Applying command: NOOP
Applying command: NOOP
Applying command: NOOP
Applying command: NOOP
Applying command: NOOP
Applying command: PUT key500=value500
Applying command: NOOP
Applying command: NOOP
Applying command: NOOP
Applying command: NOOP
Applying command: NOOP
Applying command: NOOP
Applying command: PUT key500=value500
Applying command: NOOP
Applying command: NOOP
Applying command: NOOP
Applying command: NOOP
Applying command: NOOP
Applying command: NOOP
Applying command: PUT key1500=value1500
Applying command: NOOP
Applying command: NOOP
Applying command: NOOP
Applying command: NOOP
Applying command: NOOP
Applying command: PUT key2250=value2250
Applying command: NOOP
Applying command: NOOP
Applying command: NOOP
Applying command: NOOP
Applying command: NOOP
Applying command: NOOP
Applying command: PUT key500=value500
Applying command: NOOP
Applying command: NOOP
Applying command: NOOP
Applying command: NOOP
Applying command: NOOP
Applying command: NOOP
Applying command: PUT key1500=value1500
Applying command: NOOP
Applying command: NOOP
Applying command: NOOP
Applying command: NOOP
Applying command: NOOP
Applying command: PUT key2250=value2250
Applying command: NOOP
Applying command: NOOP
Applying command: NOOP
Applying command: NOOP
Applying command: NOOP
Client server ready on port 6004
Raft server ready on port 7004
[Peer 5] Connected to 127.0.0.1:7005
[Node 4] Voted for Node 5 in term 1196
Applying command: NOOP
Applying command: PUT key500=value500
Applying command: NOOP
Applying command: NOOP
Applying command: NOOP
Applying command: NOOP
Applying command: NOOP

[Node 4] Election timeout! Starting election for term 1197
[Node 4] Election finished with 1 votes (need 3).
Applying command: NOOP
Applying command: PUT key1500=value1500
[Peer 5] Connected to 127.0.0.1:7005
Applying command: NOOP
Applying command: NOOP
Applying command: NOOP
Applying command: NOOP
Applying command: NOOP
Applying command: PUT key2250=value2250
Applying command: NOOP
Applying command: NOOP
Applying command: NOOP
Applying command: NOOP
Applying command: NOOP
[Node 4] Voted for Node 5 in term 1198

[Node 4] Election timeout! Starting election for term 1199
[Node 4] Election finished with 1 votes (need 3).
[Peer 1] Connected to 127.0.0.1:7001
