[Node 2] Starting...
[Node 2] Tracking 4 peers.
============== Raft node 2 initiated ===================
Applying command: NOOP
Applying command: PUT key500=value500
Applying command: NOOP
Applying command: NOOP
Applying command: NOOP
Applying command: NOOP
Applying command: NOOP
Applying command: NOOP
Applying command: NOOP
Applying command: NOOP
Applying command: PUT key500=value500
Applying command: NOOP
Applying command: NOOP
Applying command: NOOP
Applying command: NOOP
Applying command: NOOP
Applying command: NOOP
Applying command: NOOP
Applying command: NOOP
Applying command: NOOP
Applying command: NOOP
Applying command: PUT key500=value500
Applying command: NOOP
Applying command: NOOP
Applying command: NOOP
Applying command: NOOP
Applying command: NOOP
Applying command: NOOP
Applying command: PUT key1500=value1500
Applying command: NOOP
Applying command: NOOP
Applying command: NOOP
Applying command: NOOP
Applying command: NOOP
Applying command: PUT key2250=value2250
Applying command: NOOP
Applying command: NOOP
Applying command: NOOP
Applying command: NOOP
Applying command: NOOP
Applying command: NOOP
Applying command: PUT key500=value500
Applying command: NOOP
Applying command: NOOP
Applying command: NOOP
Applying command: NOOP
Applying command: NOOP
Applying command: NOOP
Applying command: PUT key1500=value1500
Applying command: NOOP
Applying command: NOOP
Applying command: NOOP
Applying command: NOOP
Applying command: NOOP
Applying command: PUT key2250=value2250
Applying command: NOOP
Applying command: NOOP
Applying command: NOOP
Applying command: NOOP
Applying command: NOOP
Applying command: NOOP
Applying command: PUT key500=value500
Applying command: NOOP
Applying command: NOOP
Applying command: NOOP
Applying command: NOOP
Applying command: NOOP
Applying command: NOOP
Applying command: PUT key1500=value1500
Applying command: NOOP
Applying command: NOOP
Applying command: NOOP
Applying command: NOOP
Applying command: NOOP
Applying command: PUT key2250=value2250
Applying command: NOOP
Applying command: NOOP
Applying command: NOOP
Applying command: NOOP
Applying command: NOOP
Applying command: PUT fail1=fail1
Applying command: NOOP
Applying command: PUT key500=value500
Applying command: NOOP
Applying command: NOOP
Applying command: NOOP
Applying command: NOOP
Applying command: NOOP
Applying command: NOOP
Applying command: PUT key1500=value1500
Applying command: NOOP
Applying command: NOOP
Applying command: NOOP
Applying command: NOOP
Applying command: NOOP
Applying command: PUT key2250=value2250
Applying command: NOOP
Applying command: NOOP
Applying command: NOOP
Applying command: NOOP
Applying command: NOOP
Applying command: NOOP
Applying command: PUT key500=value500
Applying command: NOOP
Applying command: NOOP
Applying command: NOOP
Applying command: NOOP
Applying command: NOOP
Applying command: NOOP
Applying command: PUT key1500=value1500
Applying command: NOOP
Applying command: NOOP
Applying command: NOOP
Applying command: NOOP
Applying command: NOOP
Applying command: PUT key2250=value2250
Applying command: NOOP
Applying command: NOOP
Applying command: NOOP
Applying command: NOOP
Applying command: NOOP
Applying command: NOOP
Applying command: PUT key500=value500
Applying command: NOOP
Applying command: NOOP
Applying command: NOOP
Applying command: NOOP
Applying command: NOOP
Applying command: NOOP
Applying command: PUT key1500=value1500
Applying command: NOOP
Applying command: NOOP
Applying command: NOOP
Applying command: NOOP
Applying command: NOOP
Applying command: PUT key2250=value2250
Applying command: NOOP
Applying command: NOOP
Applying command: NOOP
Applying command: NOOP
Applying command: NOOP
Applying command: NOOP
Applying command: NOOP
Applying command: PUT key500=value500
Applying command: NOOP
Applying command: NOOP
Applying command: NOOP
Applying command: NOOP
Applying command: NOOP
Applying command: NOOP
Applying command: PUT key1500=value1500
Applying command: NOOP
Applying command: NOOP
Applying command: NOOP
Applying command: NOOP
Applying command: NOOP
Applying command: PUT key2250=value2250
Applying command: NOOP
Applying command: NOOP
Applying command: NOOP
Applying command: NOOP
Applying command: NOOP
Applying command: NOOP
Applying command: NOOP
Applying command: PUT key500=value500
Applying command: NOOP
Applying command: NOOP
Applying command: NOOP
Applying command: NOOP
Applying command: NOOP
Applying command: NOOP
Applying command: PUT key500=value500
Applying command: NOOP
Applying command: NOOP
Applying command: NOOP
Applying command: NOOP
Applying command: NOOP
Applying command: NOOP
Applying command: PUT key1500=value1500
Applying command: NOOP
Applying command: NOOP
Applying command: NOOP
Applying command: NOOP
Applying command: NOOP
Applying command: PUT key2250=value2250
Applying command: NOOP
Applying command: NOOP
Applying command: NOOP
Applying command: NOOP
Applying command: NOOP
Applying command: NOOP
Applying command: PUT key500=value500
Applying command: NOOP
Applying command: NOOP
Applying command: NOOP
Applying command: NOOP
Applying command: NOOP
Applying command: NOOP
Applying command: PUT key1500=value1500
Applying command: NOOP
Applying command: NOOP
Applying command: NOOP
Applying command: NOOP
Applying command: NOOP
Applying command: PUT key2250=value2250
Applying command: NOOP
Applying command: NOOP
Applying command: NOOP
Applying command: NOOP
Applying command: NOOP
Client server ready on port 6002
Raft server ready on port 7002
[Peer [Peer 5] Connected to 127.0.0.1:[Peer 3] Connected to 127.0.0.1:7003
7005
1] Connected to 127.0.0.1:7001
[Peer 4] Connected to 127.0.0.1:7004

[Node 2] Election timeout! Starting election for term 884
[Node 2] Voted for Node 5 in term 1196
Applying command: NOOP
Applying command: PUT key500=value500
Applying command: NOOP
Applying command: NOOP
Applying command: NOOP
Applying command: NOOP
Applying command: NOOP

[Node 2] Election timeout! Starting election for term 1197

*** [Node 2] IS NOW LEADER FOR TERM 1197 ***
Applying command: NOOP
Applying command: PUT key1500=value1500
[Peer 5] Connected to 127.0.0.1:7005
Applying command: NOOP
Get called on key : key1500value1500Applying command: NOOP
Get called on key : key1500value1500Applying command: NOOP
Get called on key : key1500value1500Applying command: NOOP
Get called on key : key1500value1500Applying command: NOOP
Get called on key : key1500value1500Applying command: PUT key2250=value2250
[Peer 1] Connected to 127.0.0.1:7001
[Peer 3] Connected to 127.0.0.1:7003
Applying command: NOOP
Get called on key : key2250value2250Applying command: NOOP
Get called on key : key2250value2250Applying command: NOOP
Get called on key : key2250value2250Applying command: NOOP
Get called on key : key2250value2250Applying command: NOOP
