[Node [Peer [Peer 35] Connected to 127.0.0.1:7005] Starting...
1] Connected to 127.0.0.1:
[Peer 47001[Node 3] Tracking 4 peers.

[Peer 2] Connected to 127.0.0.1:7002
] Connected to 127.0.0.1:7004
============== Raft node 3 initiated ===================
Applying command: NOOP
Applying command: PUT key500=value500
Applying command: NOOP
Applying command: NOOP
Applying command: NOOP
Applying command: NOOP
Applying command: NOOP
Applying command: NOOP
Applying command: NOOP
Applying command: NOOP
Applying command: PUT key500=value500
Applying command: NOOP
Applying command: NOOP
Applying command: NOOP
Applying command: NOOP
Applying command: NOOP
Applying command: NOOP
Applying command: NOOP
Applying command: NOOP
Applying command: NOOP
Applying command: NOOP
Applying command: PUT key500=value500
Applying command: NOOP
Applying command: NOOP
Applying command: NOOP
Applying command: NOOP
Applying command: NOOP
Applying command: NOOP
Applying command: PUT key1500=value1500
Applying command: NOOP
Applying command: NOOP
Applying command: NOOP
Applying command: NOOP
Applying command: NOOP
Applying command: PUT key2250=value2250
Applying command: NOOP
Applying command: NOOP
Applying command: NOOP
Applying command: NOOP
Applying command: NOOP
Applying command: NOOP
Applying command: PUT key500=value500
Applying command: NOOP
Applying command: NOOP
Applying command: NOOP
Applying command: NOOP
Applying command: NOOP
Applying command: NOOP
Applying command: PUT key1500=value1500
Applying command: NOOP
Applying command: NOOP
Applying command: NOOP
Applying command: NOOP
Applying command: NOOP
Applying command: PUT key2250=value2250
Applying command: NOOP
Applying command: NOOP
Applying command: NOOP
Applying command: NOOP
Applying command: NOOP
Applying command: NOOP
Applying command: PUT key500=value500
Applying command: NOOP
Applying command: NOOP
Applying command: NOOP
Applying command: NOOP
Applying command: NOOP
Applying command: NOOP
Applying command: PUT key1500=value1500
Applying command: NOOP
Applying command: NOOP
Applying command: NOOP
Applying command: NOOP
Applying command: NOOP
Applying command: PUT key2250=value2250
Applying command: NOOP
Applying command: NOOP
Applying command: NOOP
Applying command: NOOP
Applying command: NOOP
Applying command: PUT fail1=fail1
Applying command: NOOP
Applying command: PUT key500=value500
Applying command: NOOP
Applying command: NOOP
Applying command: NOOP
Applying command: NOOP
Applying command: NOOP
Applying command: NOOP
Applying command: PUT key1500=value1500
Applying command: NOOP
Applying command: NOOP
Applying command: NOOP
Applying command: NOOP
Applying command: NOOP
Applying command: PUT key2250=value2250
Applying command: NOOP
Applying command: NOOP
Applying command: NOOP
Applying command: NOOP
Applying command: NOOP
Applying command: NOOP
Applying command: PUT key500=value500
Applying command: NOOP
Applying command: NOOP
Applying command: NOOP
Applying command: NOOP
Applying command: NOOP
Applying command: NOOP
Applying command: PUT key1500=value1500
Applying command: NOOP
Applying command: NOOP
Applying command: NOOP
Applying command: NOOP
Applying command: NOOP
Applying command: PUT key2250=value2250
Applying command: NOOP
Applying command: NOOP
Applying command: NOOP
Applying command: NOOP
Applying command: NOOP
Applying command: NOOP
Applying command: PUT key500=value500
Applying command: NOOP
Applying command: NOOP
Applying command: NOOP
Applying command: NOOP
Applying command: NOOP
Applying command: NOOP
Applying command: PUT key1500=value1500
Applying command: NOOP
Applying command: NOOP
Applying command: NOOP
Applying command: NOOP
Applying command: NOOP
Applying command: PUT key2250=value2250
Applying command: NOOP
Applying command: NOOP
Applying command: NOOP
Applying command: NOOP
Applying command: NOOP
Applying command: NOOP
Applying command: NOOP
Applying command: PUT key500=value500
Applying command: NOOP
Applying command: NOOP
Applying command: NOOP
Applying command: NOOP
Applying command: NOOP
Applying command: NOOP
Applying command: PUT key1500=value1500
Applying command: NOOP
Applying command: NOOP
Applying command: NOOP
Applying command: NOOP
Applying command: NOOP
Applying command: PUT key2250=value2250
Applying command: NOOP
Applying command: NOOP
Applying command: NOOP
Applying command: NOOP
Applying command: NOOP
Applying command: NOOP
Applying command: NOOP
Applying command: PUT key500=value500
Applying command: NOOP
Applying command: NOOP
Applying command: NOOP
Applying command: NOOP
Applying command: NOOP
Applying command: NOOP
Applying command: PUT key500=value500
Applying command: NOOP
Applying command: NOOP
Applying command: NOOP
Applying command: NOOP
Applying command: NOOP
Applying command: NOOP
Applying command: PUT key1500=value1500
Applying command: NOOP
Applying command: NOOP
Applying command: NOOP
Applying command: NOOP
Applying command: NOOP
Applying command: PUT key2250=value2250
Applying command: NOOP
Applying command: NOOP
Applying command: NOOP
Applying command: NOOP
Applying command: NOOP
Applying command: NOOP
Applying command: PUT key500=value500
Applying command: NOOP
Applying command: NOOP
Applying command: NOOP
Applying command: NOOP
Applying command: NOOP
Applying command: NOOP
Applying command: PUT key1500=value1500
Applying command: NOOP
Applying command: NOOP
Applying command: NOOP
Applying command: NOOP
Applying command: NOOP
Applying command: PUT key2250=value2250
Applying command: NOOP
Applying command: NOOP
Applying command: NOOP
Applying command: NOOP
Applying command: NOOP
Applying command: NOOP
Applying command: PUT key500=value500
Applying command: NOOP
Applying command: NOOP
Applying command: NOOP
Applying command: NOOP
Applying command: NOOP
Applying command: NOOP
Applying command: PUT key1500=value1500
Applying command: NOOP
Applying command: NOOP
Applying command: NOOP
Applying command: NOOP
Applying command: NOOP
Client server ready on port 6003
Raft server ready on port 7003
Applying command: PUT key2250=value2250
Applying command: NOOP
Applying command: NOOP
Applying command: NOOP
Applying command: NOOP
Applying command: NOOP
